################################################################################
#                                                                              #
#      IAR Universal Linker V6.5.1.95                                          #
#                                                                              #
#           Link time     =  11/Dec/2019  13:37:11                             #
#           Target CPU    =  MSP430                                            #
#           List file     =  C:\Users\PC\Desktop\fNIR\IAR\I3\Debug\List\I3.map #
#           Output file 1 =  C:\Users\PC\Desktop\fNIR\IAR\I3\Debug\Exe\I3.d43  #
#                            Format: ubrof10                                   #
#                            UBROF version 10.0.6                              #
#                            Using library modules for C-SPY (-rt)             #
#           Command line  =  -f C:\Users\PC\AppData\Local\Temp\EW9E15.tmp      #
#                            (C:\Users\PC\Desktop\fNIR\IAR\I3\Debug\Obj\main.r #
#                            43                                                #
#                            -o                                                #
#                            C:\Users\PC\Desktop\fNIR\IAR\I3\Debug\Exe\I3.d43  #
#                            -l                                                #
#                            C:\Users\PC\Desktop\fNIR\IAR\I3\Debug\List\I3.map #
#                            -xms                                              #
#                            "-IC:\Program Files (x86)\IAR Systems\Embedded Wo #
#                            rkbench 8.0\430\LIB\"                             #
#                            -f                                                #
#                            "C:\Program Files (x86)\IAR Systems\Embedded Work #
#                            bench 8.0\430\config\linker\lnk430fg6626.xcl"     #
#                            (-cmsp430 -QCODE_I=CODE_ID -QTLS16_I=TLS16_ID     #
#                            -D__iar_HWMUL=4C0 -Z(CONST)INFO=1800-19FF         #
#                            -Z(CONST)INFOA=1980-19FF                          #
#                            -Z(CONST)INFOB=1900-197F                          #
#                            -Z(CONST)INFOC=1880-18FF                          #
#                            -Z(CONST)INFOD=1800-187F                          #
#                            -Z(DATA)USBRAM=1C00-23FF                          #
#                            -Z(DATA)DATA16_I,DATA16_Z,DATA16_N,TLS16_I=2400-4 #
#                            3FF                                               #
#                            -Z(DATA)DATA16_HEAP+_DATA16_HEAP_SIZE             #
#                            -Z(DATA)CODE_I                                    #
#                            -Z(DATA)DATA20_I,DATA20_Z,DATA20_N,DATA20_HEAP+_D #
#                            ATA20_HEAP_SIZE                                   #
#                            -Z(DATA)CSTACK+_STACK_SIZE#                       #
#                            -Z(CONST)DATA16_C,DATA16_ID,TLS16_ID,DIFUNCT,CHEC #
#                            KSUM=4400-FF7F                                    #
#                            -Z(CODE)CSTART,ISR_CODE,CODE16=4400-FF7F          #
#                            -P(CODE)CODE=4400-FF7F,10000-243FF                #
#                            -Z(CONST)DATA20_C,DATA20_ID,CODE_ID=4400-FF7F,100 #
#                            40-243FF                                          #
#                            -Z(CODE)INTVEC=FF80-FFFF                          #
#                            -Z(CODE)RESET=FFFE-FFFF) -f                       #
#                            "C:\Program Files (x86)\IAR Systems\Embedded Work #
#                            bench 8.0\430\config\linker\multiplier32.xcl"     #
#                            (-e?Mul8Hw=?Mul8 -e?Mul16Hw=?Mul16                #
#                            -e?Mul16to32uHw=?Mul16to32u                       #
#                            -e?Mul16to32sHw=?Mul16to32s -e?Mul32Hw32=?Mul32   #
#                            -e?Mul64Hw32=_Mul64i                              #
#                            -e?Mul32u32uto64iHw32=_Mul32u32uto64i             #
#                            -e?Mul32fHw32=_Mul32f                             #
#                            -e_Mul64fHw32Ptr=_Mul64fPtr) -D_STACK_SIZE=A0     #
#                            -rt                                               #
#                            "C:\Program Files (x86)\IAR Systems\Embedded Work #
#                            bench 8.0\430\lib\dlib\dl430xlsfn.r43"            #
#                            -e_PrintfLarge=_Printf -e_ScanfLarge=_Scanf       #
#                            -D_DATA16_HEAP_SIZE=A0 -s __program_start         #
#                            -D_DATA20_HEAP_SIZE=50)                           #
#                                                                              #
#                           Copyright (C) 1987-2016 IAR Systems AB.            #
################################################################################





                ****************************************
                *                                      *
                *           CROSS REFERENCE            *
                *                                      *
                ****************************************

       Program entry at :           4408  Relocatable, from module : ?cstart




                ****************************************
                *                                      *
                *            RUNTIME MODEL             *
                *                                      *
                ****************************************

  __Heap_Handler             = Basic
  __SystemLibrary            = DLib
  __code_model               = large
  __core                     = 430X
  __data_model               = small
  __dlib_file_descriptor     = 0
  __dlib_full_locale_support = 0
  __double_size              = 32
  __pic                      = no
  __reg_r4                   = free
  __reg_r5                   = free
  __rt_version               = 3

                ****************************************
                *                                      *
                *    AUTOMATIC SYMBOL REDIRECTIONS     *
                *                                      *
                ****************************************

                  There are no automatic symbol redirections.



                ****************************************
                *                                      *
                *              MODULE MAP              *
                *                                      *
                ****************************************


  DEFINED ABSOLUTE ENTRIES
    *************************************************************************

  DEFINED ABSOLUTE ENTRIES
  PROGRAM MODULE, NAME : ?ABS_ENTRY_MOD

Absolute parts
           ENTRY                   ADDRESS         REF BY
           =====                   =======         ======
           _DATA20_HEAP_SIZE       0050 
           _DATA16_HEAP_SIZE       00A0 
           _STACK_SIZE             00A0 
           __iar_HWMUL             04C0 
    *************************************************************************

  FILE NAME : C:\Users\PC\Desktop\fNIR\IAR\I3\Debug\Obj\main.r43
  PROGRAM MODULE, NAME : main

  SEGMENTS IN THE MODULE
  ======================
DATA16_AN
  Relative segment, address: 049C - 049D (0x2 bytes), align: 0
  Segment part 1. ROOT        Intra module refs:   main
           ENTRY                   ADDRESS         REF BY
           =====                   =======         ======
           _A_BAKCTL_L             049C 
           LOCAL                   ADDRESS         
           =====                   =======         
           BAKCTL                  049C 
           BAKCTL_H                049D 
           BAKCTL_L                049C 
    -------------------------------------------------------------------------
DATA16_AN
  Relative segment, address: 0A80 - 0A81 (0x2 bytes), align: 0
  Segment part 2. ROOT        Intra module refs:   main
           ENTRY                   ADDRESS         REF BY
           =====                   =======         ======
           _A_CTSD16CTL_L          0A80 
           LOCAL                   ADDRESS         
           =====                   =======         
           CTSD16CTL               0A80 
           CTSD16CTL_H             0A81 
           CTSD16CTL_L             0A80 
    -------------------------------------------------------------------------
DATA16_AN
  Relative segment, address: 0AAC - 0AAD (0x2 bytes), align: 0
  Segment part 3. ROOT        Intra module refs:   CTSD16_ISR
                                                   PORT2_ISR
                                                   main
           ENTRY                   ADDRESS         REF BY
           =====                   =======         ======
           _A_CTSD16IFG_L          0AAC 
           LOCAL                   ADDRESS         
           =====                   =======         
           CTSD16IFG               0AAC 
           CTSD16IFG_H             0AAD 
           CTSD16IFG_L             0AAC 
    -------------------------------------------------------------------------
DATA16_AN
  Relative segment, address: 0AAE - 0AAF (0x2 bytes), align: 0
  Segment part 4. ROOT        Intra module refs:   PORT2_ISR
                                                   main
           ENTRY                   ADDRESS         REF BY
           =====                   =======         ======
           _A_CTSD16IE_L           0AAE 
           LOCAL                   ADDRESS         
           =====                   =======         
           CTSD16IE                0AAE 
           CTSD16IE_H              0AAF 
           CTSD16IE_L              0AAE 
    -------------------------------------------------------------------------
DATA16_AN
  Relative segment, address: 0AB0 - 0AB1 (0x2 bytes), align: 0
  Segment part 5. ROOT        Intra module refs:   CTSD16_ISR
           ENTRY                   ADDRESS         REF BY
           =====                   =======         ======
           _A_CTSD16IV_L           0AB0 
           LOCAL                   ADDRESS         
           =====                   =======         
           CTSD16IV                0AB0 
           CTSD16IV_H              0AB1 
           CTSD16IV_L              0AB0 
    -------------------------------------------------------------------------
DATA16_AN
  Relative segment, address: 0A82 - 0A83 (0x2 bytes), align: 0
  Segment part 6. ROOT        Intra module refs:   PORT2_ISR
                                                   main
           ENTRY                   ADDRESS         REF BY
           =====                   =======         ======
           _A_CTSD16CCTL0_L        0A82 
           LOCAL                   ADDRESS         
           =====                   =======         
           CTSD16CCTL0             0A82 
           CTSD16CCTL0_H           0A83 
           CTSD16CCTL0_L           0A82 
    -------------------------------------------------------------------------
DATA16_AN
  Relative segment, address: 0AB2 - 0AB3 (0x2 bytes), align: 0
  Segment part 7. ROOT        Intra module refs:   CTSD16_ISR
           ENTRY                   ADDRESS         REF BY
           =====                   =======         ======
           _A_CTSD16MEM0_L         0AB2 
           LOCAL                   ADDRESS         
           =====                   =======         
           CTSD16MEM0              0AB2 
           CTSD16MEM0_H            0AB3 
           CTSD16MEM0_L            0AB2 
    -------------------------------------------------------------------------
DATA16_AN
  Relative segment, address: 0A84 - 0A85 (0x2 bytes), align: 0
  Segment part 8. ROOT        Intra module refs:   main
           ENTRY                   ADDRESS         REF BY
           =====                   =======         ======
           _A_CTSD16INCTL0_L       0A84 
           LOCAL                   ADDRESS         
           =====                   =======         
           CTSD16INCTL0            0A84 
           CTSD16INCTL0_H          0A85 
           CTSD16INCTL0_L          0A84 
    -------------------------------------------------------------------------
DATA16_AN
  Relative segment, address: 0780 - 0781 (0x2 bytes), align: 0
  Segment part 9. ROOT        Intra module refs:   main
           ENTRY                   ADDRESS         REF BY
           =====                   =======         ======
           DAC12_0CTL0             0780 
    -------------------------------------------------------------------------
DATA16_AN
  Relative segment, address: 0784 - 0785 (0x2 bytes), align: 0
  Segment part 10. ROOT       Intra module refs:   PORT2_ISR
                                                   main
           ENTRY                   ADDRESS         REF BY
           =====                   =======         ======
           DAC12_0DAT              0784 
    -------------------------------------------------------------------------
DATA16_AN
  Relative segment, address: 0790 - 0791 (0x2 bytes), align: 0
  Segment part 11. ROOT       Intra module refs:   main
           ENTRY                   ADDRESS         REF BY
           =====                   =======         ======
           DAC12_1CTL0             0790 
    -------------------------------------------------------------------------
DATA16_AN
  Relative segment, address: 0794 - 0795 (0x2 bytes), align: 0
  Segment part 12. ROOT       Intra module refs:   PORT2_ISR
                                                   main
           ENTRY                   ADDRESS         REF BY
           =====                   =======         ======
           DAC12_1DAT              0794 
    -------------------------------------------------------------------------
DATA16_AN
  Relative segment, address: 0200 - 0201 (0x2 bytes), align: 0
  Segment part 13. ROOT       Intra module refs:   PORT2_ISR
           ENTRY                   ADDRESS         REF BY
           =====                   =======         ======
           _A_PAIN_L               0200 
           LOCAL                   ADDRESS         
           =====                   =======         
           PAIN                    0200 
           PAIN_H                  0201 
           PAIN_L                  0200 
    -------------------------------------------------------------------------
DATA16_AN
  Relative segment, address: 0204 - 0205 (0x2 bytes), align: 0
  Segment part 14. ROOT       Intra module refs:   PORT2_ISR
                                                   main
           ENTRY                   ADDRESS         REF BY
           =====                   =======         ======
           _A_PADIR_L              0204 
           LOCAL                   ADDRESS         
           =====                   =======         
           PADIR                   0204 
           PADIR_H                 0205 
           PADIR_L                 0204 
    -------------------------------------------------------------------------
DATA16_AN
  Relative segment, address: 020A - 020B (0x2 bytes), align: 0
  Segment part 15. ROOT       Intra module refs:   PORT2_ISR
                                                   main
           ENTRY                   ADDRESS         REF BY
           =====                   =======         ======
           _A_PASEL_L              020A 
           LOCAL                   ADDRESS         
           =====                   =======         
           PASEL                   020A 
           PASEL_H                 020B 
           PASEL_L                 020A 
    -------------------------------------------------------------------------
DATA16_AN
  Relative segment, address: 0218 - 0219 (0x2 bytes), align: 0
  Segment part 16. ROOT       Intra module refs:   PORT2_ISR
                                                   main
           ENTRY                   ADDRESS         REF BY
           =====                   =======         ======
           _A_PAIES_L              0218 
           LOCAL                   ADDRESS         
           =====                   =======         
           PAIES                   0218 
           PAIES_H                 0219 
           PAIES_L                 0218 
    -------------------------------------------------------------------------
DATA16_AN
  Relative segment, address: 021A - 021B (0x2 bytes), align: 0
  Segment part 17. ROOT       Intra module refs:   main
           ENTRY                   ADDRESS         REF BY
           =====                   =======         ======
           _A_PAIE_L               021A 
           LOCAL                   ADDRESS         
           =====                   =======         
           PAIE                    021A 
           PAIE_H                  021B 
           PAIE_L                  021A 
    -------------------------------------------------------------------------
DATA16_AN
  Relative segment, address: 021C - 021D (0x2 bytes), align: 0
  Segment part 18. ROOT       Intra module refs:   PORT2_ISR
                                                   main
           ENTRY                   ADDRESS         REF BY
           =====                   =======         ======
           _A_PAIFG_L              021C 
           LOCAL                   ADDRESS         
           =====                   =======         
           PAIFG                   021C 
           PAIFG_H                 021D 
           PAIFG_L                 021C 
    -------------------------------------------------------------------------
DATA16_AN
  Relative segment, address: 0224 - 0225 (0x2 bytes), align: 0
  Segment part 19. ROOT       Intra module refs:   main
           ENTRY                   ADDRESS         REF BY
           =====                   =======         ======
           _A_PBDIR_L              0224 
           LOCAL                   ADDRESS         
           =====                   =======         
           PBDIR                   0224 
           PBDIR_H                 0225 
           PBDIR_L                 0224 
    -------------------------------------------------------------------------
DATA16_AN
  Relative segment, address: 024A - 024B (0x2 bytes), align: 0
  Segment part 20. ROOT       Intra module refs:   main
           ENTRY                   ADDRESS         REF BY
           =====                   =======         ======
           _A_PCSEL_L              024A 
           LOCAL                   ADDRESS         
           =====                   =======         
           PCSEL                   024A 
           PCSEL_H                 024B 
           PCSEL_L                 024A 
    -------------------------------------------------------------------------
DATA16_AN
  Relative segment, address: 0260 - 0261 (0x2 bytes), align: 0
  Segment part 21. ROOT       Intra module refs:   CTSD16_ISR
                                                   PORT2_ISR
           ENTRY                   ADDRESS         REF BY
           =====                   =======         ======
           _A_PDIN_L               0260 
           LOCAL                   ADDRESS         
           =====                   =======         
           PDIN                    0260 
           PDIN_H                  0261 
           PDIN_L                  0260 
    -------------------------------------------------------------------------
DATA16_AN
  Relative segment, address: 0264 - 0265 (0x2 bytes), align: 0
  Segment part 22. ROOT       Intra module refs:   main
           ENTRY                   ADDRESS         REF BY
           =====                   =======         ======
           _A_PDDIR_L              0264 
           LOCAL                   ADDRESS         
           =====                   =======         
           PDDIR                   0264 
           PDDIR_H                 0265 
           PDDIR_L                 0264 
    -------------------------------------------------------------------------
DATA16_AN
  Relative segment, address: 026A - 026B (0x2 bytes), align: 0
  Segment part 23. ROOT       Intra module refs:   main
           ENTRY                   ADDRESS         REF BY
           =====                   =======         ======
           _A_PDSEL_L              026A 
           LOCAL                   ADDRESS         
           =====                   =======         
           PDSEL                   026A 
           PDSEL_H                 026B 
           PDSEL_L                 026A 
    -------------------------------------------------------------------------
DATA16_AN
  Relative segment, address: 01C0 - 01C1 (0x2 bytes), align: 0
  Segment part 24. ROOT       Intra module refs:   Port_Mapping
           ENTRY                   ADDRESS         REF BY
           =====                   =======         ======
           _A_PMAPKEYID_L          01C0 
           LOCAL                   ADDRESS         
           =====                   =======         
           PMAPKEYID               01C0 
           PMAPKEYID_H             01C1 
           PMAPKEYID_L             01C0 
    -------------------------------------------------------------------------
DATA16_AN
  Relative segment, address: 01D0 - 01D1 (0x2 bytes), align: 0
  Segment part 25. ROOT       Intra module refs:   Port_Mapping
           ENTRY                   ADDRESS         REF BY
           =====                   =======         ======
           _A_P2MAP01_L            01D0 
           LOCAL                   ADDRESS         
           =====                   =======         
           P2MAP01                 01D0 
           P2MAP01_H               01D1 
           P2MAP01_L               01D0 
    -------------------------------------------------------------------------
DATA16_AN
  Relative segment, address: 0102 - 0103 (0x2 bytes), align: 0
  Segment part 26. ROOT       Intra module refs:   main
           ENTRY                   ADDRESS         REF BY
           =====                   =======         ======
           _A_SFRIFG1_L            0102 
           LOCAL                   ADDRESS         
           =====                   =======         
           SFRIFG1                 0102 
           SFRIFG1_H               0103 
           SFRIFG1_L               0102 
    -------------------------------------------------------------------------
DATA16_AN
  Relative segment, address: 0166 - 0167 (0x2 bytes), align: 0
  Segment part 27. ROOT       Intra module refs:   main
           ENTRY                   ADDRESS         REF BY
           =====                   =======         ======
           _A_UCSCTL3_L            0166 
           LOCAL                   ADDRESS         
           =====                   =======         
           UCSCTL3                 0166 
           UCSCTL3_H               0167 
           UCSCTL3_L               0166 
    -------------------------------------------------------------------------
DATA16_AN
  Relative segment, address: 0168 - 0169 (0x2 bytes), align: 0
  Segment part 28. ROOT       Intra module refs:   main
           ENTRY                   ADDRESS         REF BY
           =====                   =======         ======
           _A_UCSCTL4_L            0168 
           LOCAL                   ADDRESS         
           =====                   =======         
           UCSCTL4                 0168 
           UCSCTL4_H               0169 
           UCSCTL4_L               0168 
    -------------------------------------------------------------------------
DATA16_AN
  Relative segment, address: 016C - 016D (0x2 bytes), align: 0
  Segment part 29. ROOT       Intra module refs:   main
           ENTRY                   ADDRESS         REF BY
           =====                   =======         ======
           _A_UCSCTL6_L            016C 
           LOCAL                   ADDRESS         
           =====                   =======         
           UCSCTL6                 016C 
           UCSCTL6_H               016D 
           UCSCTL6_L               016C 
    -------------------------------------------------------------------------
DATA16_AN
  Relative segment, address: 016E - 016F (0x2 bytes), align: 0
  Segment part 30. ROOT       Intra module refs:   main
           ENTRY                   ADDRESS         REF BY
           =====                   =======         ======
           _A_UCSCTL7_L            016E 
           LOCAL                   ADDRESS         
           =====                   =======         
           UCSCTL7                 016E 
           UCSCTL7_H               016F 
           UCSCTL7_L               016E 
    -------------------------------------------------------------------------
DATA16_AN
  Relative segment, address: 05C0 - 05C1 (0x2 bytes), align: 0
  Segment part 31. ROOT       Intra module refs:   main
           ENTRY                   ADDRESS         REF BY
           =====                   =======         ======
           _A_UCA0CTLW0_L          05C0 
           LOCAL                   ADDRESS         
           =====                   =======         
           UCA0CTLW0               05C0 
           UCA0CTLW0_H             05C1 
           UCA0CTLW0_L             05C0 
    -------------------------------------------------------------------------
DATA16_AN
  Relative segment, address: 05C6 - 05C7 (0x2 bytes), align: 0
  Segment part 32. ROOT       Intra module refs:   main
           ENTRY                   ADDRESS         REF BY
           =====                   =======         ======
           _A_UCA0BRW_L            05C6 
           LOCAL                   ADDRESS         
           =====                   =======         
           UCA0BRW                 05C6 
           UCA0BRW_H               05C7 
           UCA0BRW_L               05C6 
    -------------------------------------------------------------------------
DATA16_AN
  Relative segment, address: 05C8 - 05C8 (0x1 bytes), align: 0
  Segment part 33. ROOT       Intra module refs:   main
           ENTRY                   ADDRESS         REF BY
           =====                   =======         ======
           UCA0MCTL                05C8 
    -------------------------------------------------------------------------
DATA16_AN
  Relative segment, address: 05CC - 05CC (0x1 bytes), align: 0
  Segment part 34. ROOT       Intra module refs:   USCI_A0_ISR
           ENTRY                   ADDRESS         REF BY
           =====                   =======         ======
           UCA0RXBUF               05CC 
    -------------------------------------------------------------------------
DATA16_AN
  Relative segment, address: 05CE - 05CE (0x1 bytes), align: 0
  Segment part 35. ROOT       Intra module refs:   PORT2_ISR
                                                   USCI_A0_ISR
           ENTRY                   ADDRESS         REF BY
           =====                   =======         ======
           UCA0TXBUF               05CE 
    -------------------------------------------------------------------------
DATA16_AN
  Relative segment, address: 05DC - 05DD (0x2 bytes), align: 0
  Segment part 36. ROOT       Intra module refs:   PORT2_ISR
                                                   USCI_A0_ISR
                                                   main
           ENTRY                   ADDRESS         REF BY
           =====                   =======         ======
           _A_UCA0ICTL_L           05DC 
           LOCAL                   ADDRESS         
           =====                   =======         
           UCA0ICTL                05DC 
           UCA0ICTL_H              05DD 
           UCA0ICTL_L              05DC 
    -------------------------------------------------------------------------
DATA16_AN
  Relative segment, address: 05DE - 05DF (0x2 bytes), align: 0
  Segment part 37. ROOT       Intra module refs:   USCI_A0_ISR
           ENTRY                   ADDRESS         REF BY
           =====                   =======         ======
           UCA0IV                  05DE 
    -------------------------------------------------------------------------
DATA16_AN
  Relative segment, address: 015C - 015D (0x2 bytes), align: 0
  Segment part 38. ROOT       Intra module refs:   __low_level_init
                                                   main
           ENTRY                   ADDRESS         REF BY
           =====                   =======         ======
           _A_WDTCTL_L             015C 
           LOCAL                   ADDRESS         
           =====                   =======         
           WDTCTL                  015C 
           WDTCTL_H                015D 
           WDTCTL_L                015C 
    -------------------------------------------------------------------------
DATA16_Z
  Relative segment, address: 2408 - 2409 (0x2 bytes), align: 1
  Segment part 43.            Intra module refs:   CTSD16_ISR
                                                   PORT2_ISR
           ENTRY                   ADDRESS         REF BY
           =====                   =======         ======
           Rval                    2408 
    -------------------------------------------------------------------------
DATA16_Z
  Relative segment, address: 240A - 240B (0x2 bytes), align: 1
  Segment part 44.            Intra module refs:   CTSD16_ISR
                                                   PORT2_ISR
           ENTRY                   ADDRESS         REF BY
           =====                   =======         ======
           IRval                   240A 
    -------------------------------------------------------------------------
DATA16_Z
  Relative segment, address: 240C - 2413 (0x8 bytes), align: 1
  Segment part 45.            Intra module refs:   CTSD16_ISR
           ENTRY                   ADDRESS         REF BY
           =====                   =======         ======
           Chresults               240C 
    -------------------------------------------------------------------------
DATA16_Z
  Relative segment, address: 2414 - 24DB (0xc8 bytes), align: 1
  Segment part 46.            Intra module refs:   CTSD16_ISR
           ENTRY                   ADDRESS         REF BY
           =====                   =======         ======
           Chresults2              2414 
    -------------------------------------------------------------------------
DATA16_Z
  Relative segment, address: 24DC - 24DD (0x2 bytes), align: 1
  Segment part 48.            Intra module refs:   CTSD16_ISR
                                                   PORT2_ISR
                                                   main
           ENTRY                   ADDRESS         REF BY
           =====                   =======         ======
           index                   24DC 
    -------------------------------------------------------------------------
DATA16_Z
  Relative segment, address: 24DE - 24E1 (0x4 bytes), align: 1
  Segment part 51.            Intra module refs:   CTSD16_ISR
                                                   PORT2_ISR
           ENTRY                   ADDRESS         REF BY
           =====                   =======         ======
           res0                    24DE 
    -------------------------------------------------------------------------
DATA16_Z
  Relative segment, address: 24E2 - 24E3 (0x2 bytes), align: 1
  Segment part 52.            Intra module refs:   PORT2_ISR
           ENTRY                   ADDRESS         REF BY
           =====                   =======         ======
           rcount                  24E2 
    -------------------------------------------------------------------------
DATA16_Z
  Relative segment, address: 24E4 - 24E7 (0x4 bytes), align: 1
  Segment part 55.            Intra module refs:   CTSD16_ISR
                                                   PORT2_ISR
           ENTRY                   ADDRESS         REF BY
           =====                   =======         ======
           DV0                     24E4 
    -------------------------------------------------------------------------
DATA16_Z
  Relative segment, address: 24E8 - 24EB (0x4 bytes), align: 1
  Segment part 57.            Intra module refs:   CTSD16_ISR
                                                   PORT2_ISR
           ENTRY                   ADDRESS         REF BY
           =====                   =======         ======
           DV1                     24E8 
    -------------------------------------------------------------------------
DATA16_Z
  Relative segment, address: 24EC - 24EF (0x4 bytes), align: 1
  Segment part 59.            Intra module refs:   CTSD16_ISR
                                                   PORT2_ISR
           ENTRY                   ADDRESS         REF BY
           =====                   =======         ======
           DV2                     24EC 
    -------------------------------------------------------------------------
DATA16_Z
  Relative segment, address: 24F0 - 24F3 (0x4 bytes), align: 1
  Segment part 61.            Intra module refs:   CTSD16_ISR
           ENTRY                   ADDRESS         REF BY
           =====                   =======         ======
           DV3                     24F0 
    -------------------------------------------------------------------------
DATA16_Z
  Relative segment, address: 24F4 - 24F7 (0x4 bytes), align: 1
  Segment part 64.            Intra module refs:   CTSD16_ISR
                                                   PORT2_ISR
                                                   main
           ENTRY                   ADDRESS         REF BY
           =====                   =======         ======
           D1R                     24F4 
    -------------------------------------------------------------------------
DATA16_Z
  Relative segment, address: 24F8 - 24FB (0x4 bytes), align: 1
  Segment part 65.            Intra module refs:   CTSD16_ISR
                                                   PORT2_ISR
           ENTRY                   ADDRESS         REF BY
           =====                   =======         ======
           D2R                     24F8 
    -------------------------------------------------------------------------
DATA16_Z
  Relative segment, address: 24FC - 24FF (0x4 bytes), align: 1
  Segment part 66.            Intra module refs:   CTSD16_ISR
                                                   PORT2_ISR
           ENTRY                   ADDRESS         REF BY
           =====                   =======         ======
           D3R                     24FC 
    -------------------------------------------------------------------------
DATA16_Z
  Relative segment, address: 2500 - 2503 (0x4 bytes), align: 1
  Segment part 67.            Intra module refs:   CTSD16_ISR
                                                   PORT2_ISR
           ENTRY                   ADDRESS         REF BY
           =====                   =======         ======
           D4R                     2500 
    -------------------------------------------------------------------------
DATA16_Z
  Relative segment, address: 2504 - 2507 (0x4 bytes), align: 1
  Segment part 68.            Intra module refs:   CTSD16_ISR
                                                   PORT2_ISR
           ENTRY                   ADDRESS         REF BY
           =====                   =======         ======
           D1IR                    2504 
    -------------------------------------------------------------------------
DATA16_Z
  Relative segment, address: 2508 - 250B (0x4 bytes), align: 1
  Segment part 69.            Intra module refs:   CTSD16_ISR
                                                   PORT2_ISR
           ENTRY                   ADDRESS         REF BY
           =====                   =======         ======
           D2IR                    2508 
    -------------------------------------------------------------------------
DATA16_Z
  Relative segment, address: 250C - 250F (0x4 bytes), align: 1
  Segment part 70.            Intra module refs:   CTSD16_ISR
                                                   PORT2_ISR
           ENTRY                   ADDRESS         REF BY
           =====                   =======         ======
           D3IR                    250C 
    -------------------------------------------------------------------------
DATA16_Z
  Relative segment, address: 2510 - 2513 (0x4 bytes), align: 1
  Segment part 71.            Intra module refs:   CTSD16_ISR
                                                   PORT2_ISR
           ENTRY                   ADDRESS         REF BY
           =====                   =======         ======
           D4IR                    2510 
    -------------------------------------------------------------------------
DATA16_Z
  Relative segment, address: 2514 - 2515 (0x2 bytes), align: 1
  Segment part 72.            Intra module refs:   PORT2_ISR
           ENTRY                   ADDRESS         REF BY
           =====                   =======         ======
           dummy                   2514 
    -------------------------------------------------------------------------
DATA16_Z
  Relative segment, address: 2516 - 2517 (0x2 bytes), align: 1
  Segment part 85.            Intra module refs:   PORT2_ISR
                                                   USCI_A0_ISR
           ENTRY                   ADDRESS         REF BY
           =====                   =======         ======
           auto1                   2516 
    -------------------------------------------------------------------------
DATA16_Z
  Relative segment, address: 2518 - 2519 (0x2 bytes), align: 1
  Segment part 86.            Intra module refs:   CTSD16_ISR
                                                   PORT2_ISR
           ENTRY                   ADDRESS         REF BY
           =====                   =======         ======
           ADCcount                2518 
    -------------------------------------------------------------------------
DATA16_I
  Relative segment, address: 2400 - 2401 (0x2 bytes), align: 1
  Segment part 87.            Intra module refs:   PORT2_ISR
                                                   main
           ENTRY                   ADDRESS         REF BY
           =====                   =======         ======
           RInt                    2400 
    -------------------------------------------------------------------------
DATA16_I
  Relative segment, address: 2402 - 2403 (0x2 bytes), align: 1
  Segment part 89.            Intra module refs:   PORT2_ISR
                                                   main
           ENTRY                   ADDRESS         REF BY
           =====                   =======         ======
           Rstep                   2402 
    -------------------------------------------------------------------------
DATA16_I
  Relative segment, address: 2404 - 2405 (0x2 bytes), align: 1
  Segment part 91.            Intra module refs:   PORT2_ISR
                                                   main
           ENTRY                   ADDRESS         REF BY
           =====                   =======         ======
           IRInt                   2404 
    -------------------------------------------------------------------------
DATA16_I
  Relative segment, address: 2406 - 2407 (0x2 bytes), align: 1
  Segment part 93.            Intra module refs:   PORT2_ISR
                                                   main
           ENTRY                   ADDRESS         REF BY
           =====                   =======         ======
           IRstep                  2406 
    -------------------------------------------------------------------------
<CODE> 1 (was CODE)
  Relative segment, address: 4BF4 - 4BFB (0x8 bytes), align: 1
  Segment part 95. ROOT 
           ENTRY                   ADDRESS         REF BY
           =====                   =======         ======
           __low_level_init        4BF4            ?cstart_call_low_level_init (?cstart)
    -------------------------------------------------------------------------
<CODE> 1 (was CODE)
  Relative segment, address: 4A70 - 4BA1 (0x132 bytes), align: 1
  Segment part 97.
           ENTRY                   ADDRESS         REF BY
           =====                   =======         ======
           main                    4A70            Segment part 27 (?cstart)
               calls direct
    -------------------------------------------------------------------------
ISR_CODE
  Relative segment, address: 4438 - 48FD (0x4c6 bytes), align: 1
  Segment part 99.            Intra module refs:   PORT2_ISR::??INTVEC 88
           ENTRY                   ADDRESS         REF BY
           =====                   =======         ======
           PORT2_ISR               4438 
               interrupt function
    -------------------------------------------------------------------------
ISR_CODE
  Relative segment, address: 48FE - 4A35 (0x138 bytes), align: 1
  Segment part 100.           Intra module refs:   CTSD16_ISR::??INTVEC 108
           ENTRY                   ADDRESS         REF BY
           =====                   =======         ======
           CTSD16_ISR              48FE 
               interrupt function
    -------------------------------------------------------------------------
ISR_CODE
  Relative segment, address: 4A36 - 4A6F (0x3a bytes), align: 1
  Segment part 101.           Intra module refs:   USCI_A0_ISR::??INTVEC 112
           ENTRY                   ADDRESS         REF BY
           =====                   =======         ======
           USCI_A0_ISR             4A36 
               interrupt function
    -------------------------------------------------------------------------
<CODE> 1 (was CODE)
  Relative segment, address: 4BA2 - 4BBD (0x1c bytes), align: 1
  Segment part 96.            Intra module refs:   main
           ENTRY                   ADDRESS         REF BY
           =====                   =======         ======
           Port_Mapping            4BA2 
    -------------------------------------------------------------------------
INTVEC
  Common segment, address: FF80 - FFD9 (0x5a bytes), align: 1
  Segment part 39. ROOT 
           ENTRY                   ADDRESS         REF BY
           =====                   =======         ======
           PORT2_ISR::??INTVEC 88
                                   FFD8 
    -------------------------------------------------------------------------
INTVEC
  Common segment, address: FF80 - FFED (0x6e bytes), align: 1
  Segment part 40. ROOT 
           ENTRY                   ADDRESS         REF BY
           =====                   =======         ======
           CTSD16_ISR::??INTVEC 108
                                   FFEC 
    -------------------------------------------------------------------------
INTVEC
  Common segment, address: FF80 - FFF1 (0x72 bytes), align: 1
  Segment part 41. ROOT 
           ENTRY                   ADDRESS         REF BY
           =====                   =======         ======
           USCI_A0_ISR::??INTVEC 112
                                   FFF0 
    -------------------------------------------------------------------------
DATA16_ID
  Relative segment, address: 4400 - 4401 (0x2 bytes), align: 1
  Segment part 88.            Intra module refs:   RInt
    -------------------------------------------------------------------------
DATA16_ID
  Relative segment, address: 4402 - 4403 (0x2 bytes), align: 1
  Segment part 90.            Intra module refs:   Rstep
    -------------------------------------------------------------------------
DATA16_ID
  Relative segment, address: 4404 - 4405 (0x2 bytes), align: 1
  Segment part 92.            Intra module refs:   IRInt
    -------------------------------------------------------------------------
DATA16_ID
  Relative segment, address: 4406 - 4407 (0x2 bytes), align: 1
  Segment part 94.            Intra module refs:   IRstep

    *************************************************************************

  FILE NAME : C:\Program Files (x86)\IAR Systems\Embedded Workbench 8.0\430\lib\dlib\dl430xlsfn.r43
  LIBRARY MODULE, NAME : ?__dbg_break

  SEGMENTS IN THE MODULE
  ======================
<CODE> 1 (was CODE)
  Relative segment, address: 4C08 - 4C09 (0x2 bytes), align: 1
  Segment part 2.
           ENTRY                   ADDRESS         REF BY
           =====                   =======         ======
           __DebugBreak            4C08            __exit (?__exit)

    -------------------------------------------------------------------------
  LIBRARY MODULE, NAME : ?__exit

  SEGMENTS IN THE MODULE
  ======================
<CODE> 1 (was CODE)
  Relative segment, address: 4BBE - 4BD1 (0x14 bytes), align: 1
  Segment part 2.
           ENTRY                   ADDRESS         REF BY
           =====                   =======         ======
           __exit                  4BBE            Segment part 6 (?_exit)
                                                   _exit (?_exit)
               calls direct

    -------------------------------------------------------------------------
  LIBRARY MODULE, NAME : ?_exit

  SEGMENTS IN THE MODULE
  ======================
<CODE> 1 (was CODE)
  Relative segment, address: 4C00, align: 1
  Segment part 0.
           ENTRY                   ADDRESS         REF BY
           =====                   =======         ======
           _exit                   4C00            exit (?exit)
    -------------------------------------------------------------------------
<CODE> 1 (was CODE)
  Relative segment, address: 4C00 - 4C03 (0x4 bytes), align: 1
  Segment part 6.             Intra module refs:   _exit

    -------------------------------------------------------------------------
  LIBRARY MODULE, NAME : ?cstart

  SEGMENTS IN THE MODULE
  ======================
CSTACK
  Relative segment, address: 4360, align: 1
  Segment part 1.
    -------------------------------------------------------------------------
DATA16_Z
  Relative segment, address: 251A, align: 1
  Segment part 2.
    -------------------------------------------------------------------------
DATA16_I
  Relative segment, address: 2408, align: 1
  Segment part 3.
    -------------------------------------------------------------------------
DATA16_ID
  Relative segment, address: 4408, align: 1
  Segment part 4.
    -------------------------------------------------------------------------
CODE_I
  Relative segment, address: 251A, align: 1
  Segment part 5.
    -------------------------------------------------------------------------
CODE_ID
  Relative segment, address: 4C0A, align: 1
  Segment part 6.
    -------------------------------------------------------------------------
DATA20_Z
  Relative segment, address: 251A, align: 1
  Segment part 7.
    -------------------------------------------------------------------------
DATA20_I
  Relative segment, address: 251A, align: 1
  Segment part 8.
    -------------------------------------------------------------------------
DATA20_ID
  Relative segment, address: 4C0A, align: 1
  Segment part 9.
    -------------------------------------------------------------------------
DATA20_C
  Relative segment, address: 4C0A, align: 1
  Segment part 10.
    -------------------------------------------------------------------------
DATA20_N
  Relative segment, address: 251A, align: 1
  Segment part 12.
    -------------------------------------------------------------------------
CSTART
  Relative segment, address: 4408 - 440B (0x4 bytes), align: 1
  Segment part 15.
           ENTRY                   ADDRESS         REF BY
           =====                   =======         ======
           __program_start         4408            ?reset_vector (?reset_vector)
                                                   Absolute parts (?ABS_ENTRY_MOD)
           ?cstart_begin           4408 
    -------------------------------------------------------------------------
CSTART
  Relative segment, address: 440C - 4413 (0x8 bytes), align: 1
  Segment part 18.
           ENTRY                   ADDRESS         REF BY
           =====                   =======         ======
           ?cstart_call_low_level_init
                                   440C            __low_level_init (main)
    -------------------------------------------------------------------------
CSTART
  Relative segment, address: 4414 - 441F (0xc bytes), align: 1
  Segment part 20.
           ENTRY                   ADDRESS         REF BY
           =====                   =======         ======
           ?cstart_init_zero       4414            ADCcount (main)
                                                   Chresults (main)
                                                   Chresults2 (main)
                                                   D1IR (main)
                                                   D1R (main)
                                                   D2IR (main)
                                                   D2R (main)
                                                   D3IR (main)
                                                   D3R (main)
                                                   D4IR (main)
                                                   D4R (main)
                                                   DV0 (main)
                                                   DV1 (main)
                                                   DV2 (main)
                                                   DV3 (main)
                                                   IRval (main)
                                                   Rval (main)
                                                   auto1 (main)
                                                   dummy (main)
                                                   index (main)
                                                   rcount (main)
                                                   res0 (main)
    -------------------------------------------------------------------------
CSTART
  Relative segment, address: 4420 - 442F (0x10 bytes), align: 1
  Segment part 21.
           ENTRY                   ADDRESS         REF BY
           =====                   =======         ======
           ?cstart_init_copy       4420            IRInt (main)
                                                   IRstep (main)
                                                   RInt (main)
                                                   Rstep (main)
    -------------------------------------------------------------------------
CSTART
  Relative segment, address: 4430 - 4437 (0x8 bytes), align: 1
  Segment part 27.            Intra module refs:   ?cstart_call_low_level_init
                                                   Segment part 15
           ENTRY                   ADDRESS         REF BY
           =====                   =======         ======
           ?cstart_call_main       4430 
           ?cstart_end             4438 
    -------------------------------------------------------------------------
CODE_ID
  Relative segment, address: 4C0A, align: 1
  Segment part 28.            Intra module refs:   Segment part 5

    -------------------------------------------------------------------------
  LIBRARY MODULE, NAME : ?reset_vector

  SEGMENTS IN THE MODULE
  ======================
RESET
  Relative segment, address: FFFE - FFFF (0x2 bytes), align: 1
  Segment part 0.
           ENTRY                   ADDRESS         REF BY
           =====                   =======         ======
           ?reset_vector           FFFE            Segment part 15 (?cstart)

    -------------------------------------------------------------------------
  LIBRARY MODULE, NAME : ?exit

  SEGMENTS IN THE MODULE
  ======================
<CODE> 1 (was CODE)
  Relative segment, address: 4BFC - 4BFF (0x4 bytes), align: 1
  Segment part 2.
           ENTRY                   ADDRESS         REF BY
           =====                   =======         ======
           exit                    4BFC            Segment part 27 (?cstart)
               calls direct

    -------------------------------------------------------------------------
  LIBRARY MODULE, NAME : ?memcpy

  SEGMENTS IN THE MODULE
  ======================
<CODE> 1 (was CODE)
  Relative segment, address: 4BD2 - 4BE3 (0x12 bytes), align: 1
  Segment part 2.
           ENTRY                   ADDRESS         REF BY
           =====                   =======         ======
           memcpy                  4BD2            __data16_memcpy (?memzero)

    -------------------------------------------------------------------------
  LIBRARY MODULE, NAME : ?memzero

  SEGMENTS IN THE MODULE
  ======================
<CODE> 1 (was CODE)
  Relative segment, address: 4BE4 - 4BF3 (0x10 bytes), align: 1
  Segment part 2.
           ENTRY                   ADDRESS         REF BY
           =====                   =======         ======
           __data16_memzero        4BE4            ?cstart_init_zero (?cstart)
    -------------------------------------------------------------------------
<CODE> 1 (was CODE)
  Relative segment, address: 4C04 - 4C07 (0x4 bytes), align: 1
  Segment part 3.
           ENTRY                   ADDRESS         REF BY
           =====                   =======         ======
           __data16_memcpy         4C04            ?cstart_init_copy (?cstart)
               calls direct




                ****************************************
                *                                      *
                *      SEGMENTS IN ADDRESS ORDER       *
                *                                      *
                ****************************************


SEGMENT              SPACE    START ADDRESS   END ADDRESS     SIZE  TYPE  ALIGN
=======              =====    =============   ===========     ====  ====  =====
DATA16_AN                              0102 - 0103               2   rel    0
                                       015C - 015D               2 
                                       0166 - 0169               4 
                                       016C - 016F               4 
                                       01C0 - 01C1               2 
                                       01D0 - 01D1               2 
                                       0200 - 0201               2 
                                       0204 - 0205               2 
                                       020A - 020B               2 
                                       0218 - 021D               6 
                                       0224 - 0225               2 
                                       024A - 024B               2 
                                       0260 - 0261               2 
                                       0264 - 0265               2 
                                       026A - 026B               2 
                                       049C - 049D               2 
                                       05C0 - 05C1               2 
                                       05C6 - 05C8               3 
                                       05CC - 05CC               1 
                                       05CE - 05CE               1 
                                       05DC - 05DF               4 
                                       0780 - 0781               2 
                                       0784 - 0785               2 
                                       0790 - 0791               2 
                                       0794 - 0795               2 
                                       0A80 - 0A85               6 
                                       0AAC - 0AB3               8 
DATA16_I                               2400 - 2407               8   rel    1
DATA16_Z                               2408 - 2519             112   rel    1
DATA20_I                                  251A                       rel    1
DATA20_Z                                  251A                       rel    1
DATA20_N                                  251A                       rel    1
CODE_I                                    251A                       rel    1
CSTACK                                 4360 - 43FF              A0   rel    1
DATA16_C                                  4400                       dse    0
DATA16_ID                              4400 - 4407               8   rel    1
CSTART                                 4408 - 4437              30   rel    1
ISR_CODE                               4438 - 4A6F             638   rel    1
<CODE> 1                               4A70 - 4C09             19A   rel    1
CODE_ID                                   4C0A                       rel    1
DATA20_C                                  4C0A                       rel    1
DATA20_ID                                 4C0A                       rel    1
INTVEC                                 FF80 - FFF1              72   com    1
RESET                                  FFFE - FFFF               2   rel    1

                ****************************************
                *                                      *
                *        END OF CROSS REFERENCE        *
                *                                      *
                ****************************************

 2 166 bytes of CODE  memory
   442 bytes of DATA  memory (+ 73 absolute )
     8 bytes of CONST memory

Errors: none
Warnings: none

