################################################################################
#                                                                              #
#      IAR Universal Linker V6.5.1.95                                          #
#                                                                              #
#           Link time     =  11/Nov/2019  11:34:35                             #
#           Target CPU    =  MSP430                                            #
#           List file     =  C:\Users\PC\Desktop\fNIR\IAR\T1\Debug\List\T1.map #
#           Output file 1 =  C:\Users\PC\Desktop\fNIR\IAR\T1\Debug\Exe\T1.d43  #
#                            Format: ubrof10                                   #
#                            UBROF version 10.0.6                              #
#                            Using library modules for C-SPY (-rt)             #
#           Command line  =  -f C:\Users\PC\AppData\Local\Temp\EW6534.tmp      #
#                            (C:\Users\PC\Desktop\fNIR\IAR\T1\Debug\Obj\asm.r4 #
#                            3                                                 #
#                            -o                                                #
#                            C:\Users\PC\Desktop\fNIR\IAR\T1\Debug\Exe\T1.d43  #
#                            -l                                                #
#                            C:\Users\PC\Desktop\fNIR\IAR\T1\Debug\List\T1.map #
#                            -xms                                              #
#                            "-IC:\Program Files (x86)\IAR Systems\Embedded Wo #
#                            rkbench 8.0\430\LIB\"                             #
#                            -f                                                #
#                            "C:\Program Files (x86)\IAR Systems\Embedded Work #
#                            bench 8.0\430\config\linker\lnk430f2001.xcl"      #
#                            (-cmsp430 -QCODE_I=CODE_ID -QTLS16_I=TLS16_ID     #
#                            -Z(CONST)INFO=1000-10FF                           #
#                            -Z(CONST)INFOA=10C0-10FF                          #
#                            -Z(CONST)INFOB=1080-10BF                          #
#                            -Z(CONST)INFOC=1040-107F                          #
#                            -Z(CONST)INFOD=1000-103F                          #
#                            -Z(DATA)DATA16_I,DATA16_Z,DATA16_N,TLS16_I=0200-0 #
#                            27F                                               #
#                            -Z(DATA)DATA16_HEAP+_DATA16_HEAP_SIZE             #
#                            -Z(DATA)CODE_I -Z(DATA)CSTACK+_STACK_SIZE#        #
#                            -Z(CONST)DATA16_C,DATA16_ID,TLS16_ID,DIFUNCT,CHEC #
#                            KSUM=FC00-FFDF                                    #
#                            -Z(CODE)CSTART,ISR_CODE,CODE_ID=FC00-FFDF         #
#                            -P(CODE)CODE=FC00-FFDF -Z(CODE)INTVEC=FFE0-FFFF   #
#                            -Z(CODE)RESET=FFFE-FFFF) -D_STACK_SIZE=32 -rt     #
#                            -D_DATA16_HEAP_SIZE=0 -D_DATA20_HEAP_SIZE=50)     #
#                                                                              #
#                           Copyright (C) 1987-2016 IAR Systems AB.            #
################################################################################





                ****************************************
                *                                      *
                *           CROSS REFERENCE            *
                *                                      *
                ****************************************

                  There are no program entries.


                ****************************************
                *                                      *
                *    AUTOMATIC SYMBOL REDIRECTIONS     *
                *                                      *
                ****************************************

                  There are no automatic symbol redirections.



                ****************************************
                *                                      *
                *              MODULE MAP              *
                *                                      *
                ****************************************


  DEFINED ABSOLUTE ENTRIES
    *************************************************************************

  DEFINED ABSOLUTE ENTRIES
  PROGRAM MODULE, NAME : ?ABS_ENTRY_MOD

Absolute parts
           ENTRY                   ADDRESS         REF BY
           =====                   =======         ======
           _DATA20_HEAP_SIZE       0050 
           _DATA16_HEAP_SIZE       0000 
           _STACK_SIZE             0032 
    *************************************************************************

  FILE NAME : C:\Users\PC\Desktop\fNIR\IAR\T1\Debug\Obj\asm.r43
  PROGRAM MODULE, NAME : asm

Absolute parts
     F800 - F82F
     FFFE - FFFF
           LOCAL                   ADDRESS         
           =====                   =======         
           RESET                   F800 
           StopWDT                 F804 
           SetupP1                 F80A 
           SetupC0                 F812 
           SetupC1                 F818 
           SetupTA                 F824 
           Mainloop                F82A 



                ****************************************
                *                                      *
                *      SEGMENTS IN ADDRESS ORDER       *
                *                                      *
                ****************************************


SEGMENT              SPACE    START ADDRESS   END ADDRESS     SIZE  TYPE  ALIGN
=======              =====    =============   ===========     ====  ====  =====
                                       F800 - F82F              30  aseg  
                                       FFFE - FFFF               2  aseg  

                ****************************************
                *                                      *
                *        END OF CROSS REFERENCE        *
                *                                      *
                ****************************************

 0 bytes of CODE memory (+ 50 absolute )

Errors: none
Warnings: none

